[14:43:38] [main/INFO] (FabricLoader/GameProvider) Loading Minecraft 1.21.1 with Fabric Loader 0.16.9
[14:43:38] [main/INFO] (FabricLoader) Loading 55 mods:
	- fabric-api 0.107.0+1.21.1
	- fabric-api-base 0.4.42+6573ed8c19
	- fabric-api-lookup-api-v1 1.6.69+b559734419
	- fabric-biome-api-v1 13.0.30+be1ed2d719
	- fabric-block-api-v1 1.0.22+0af3f5a719
	- fabric-block-view-api-v2 1.0.10+6573ed8c19
	- fabric-blockrenderlayer-v1 1.1.52+0af3f5a719
	- fabric-client-tags-api-v1 1.1.15+6573ed8c19
	- fabric-command-api-v1 1.2.49+f71b366f19
	- fabric-command-api-v2 2.2.28+6ced4dd919
	- fabric-commands-v0 0.2.66+df3654b319
	- fabric-content-registries-v0 8.0.17+b559734419
	- fabric-convention-tags-v1 2.1.1+7f945d5b19
	- fabric-convention-tags-v2 2.9.1+7fd4837519
	- fabric-crash-report-info-v1 0.2.29+0af3f5a719
	- fabric-data-attachment-api-v1 1.2.0+e49211d819
	- fabric-data-generation-api-v1 20.2.22+16c4ae2519
	- fabric-dimensions-v1 4.0.0+6fc22b9919
	- fabric-entity-events-v1 1.7.0+2122d82819
	- fabric-events-interaction-v0 0.7.13+ba9dae0619
	- fabric-game-rule-api-v1 1.0.53+6ced4dd919
	- fabric-gametest-api-v1 2.0.5+6fc22b9919
	- fabric-item-api-v1 11.1.1+d5debaed19
	- fabric-item-group-api-v1 4.1.6+6823f7cd19
	- fabric-key-binding-api-v1 1.0.47+0af3f5a719
	- fabric-keybindings-v0 0.2.45+df3654b319
	- fabric-lifecycle-events-v1 2.4.0+0f6c53cd19
	- fabric-loot-api-v2 3.0.15+3f89f5a519
	- fabric-loot-api-v3 1.0.3+3f89f5a519
	- fabric-message-api-v1 6.0.13+6573ed8c19
	- fabric-model-loading-api-v1 2.0.0+fe474d6b19
	- fabric-networking-api-v1 4.3.0+c7469b2119
	- fabric-object-builder-api-v1 15.2.1+40875a9319
	- fabric-particles-v1 4.0.2+6573ed8c19
	- fabric-recipe-api-v1 5.0.13+6508971219
	- fabric-registry-sync-v0 5.1.3+60c3209b19
	- fabric-renderer-api-v1 3.4.0+c705a49c19
	- fabric-renderer-indigo 1.7.0+c705a49c19
	- fabric-renderer-registries-v1 3.2.68+df3654b319
	- fabric-rendering-data-attachment-v1 0.3.48+73761d2e19
	- fabric-rendering-fluids-v1 3.1.6+1daea21519
	- fabric-rendering-v0 1.1.71+df3654b319
	- fabric-rendering-v1 5.0.5+df16efd019
	- fabric-resource-conditions-api-v1 4.3.0+8dc279b119
	- fabric-resource-loader-v0 1.3.1+5b5275af19
	- fabric-screen-api-v1 2.0.25+8b68f1c719
	- fabric-screen-handler-api-v1 1.3.87+b559734419
	- fabric-sound-api-v1 1.0.23+6573ed8c19
	- fabric-transfer-api-v1 5.4.1+95bead5f19
	- fabric-transitive-access-wideners-v1 6.1.0+1daea21519
	- fabricloader 0.16.9
	- java 21
	- minecraft 1.21.1
	- mixinextras 0.4.1
	- pokestopmod 1.0.0
[14:43:38] [main/INFO] (FabricLoader/Mixin) SpongePowered MIXIN Subsystem Version=0.8.7 Source=file:/C:/Users/jsnbr/.gradle/caches/modules-2/files-2.1/net.fabricmc/sponge-mixin/0.15.4+mixin.0.8.7/6a12aacc794f1078458433116e9ed42c1cc98096/sponge-mixin-0.15.4+mixin.0.8.7.jar Service=Knot/Fabric Env=CLIENT
[14:43:39] [main/INFO] (FabricLoader/Mixin) Loaded Fabric development mappings for mixin remapper!
[14:43:39] [main/INFO] (FabricLoader/Mixin) Compatibility level set to JAVA_17
[14:43:39] [main/INFO] (FabricLoader/Mixin) Compatibility level set to JAVA_21
[14:43:41] [main/INFO] (FabricLoader/MixinExtras|Service) Initializing MixinExtras via com.llamalad7.mixinextras.service.MixinExtrasServiceImpl(version=0.4.1).
[14:43:43] [Datafixer Bootstrap/INFO] (Minecraft) 226 Datafixer optimizations took 579 milliseconds
[14:43:51] [Render thread/INFO] (Minecraft) Environment: Environment[sessionHost=https://sessionserver.mojang.com, servicesHost=https://api.minecraftservices.com, name=PROD]
[14:43:51] [Render thread/INFO] (Minecraft) Setting user: Player243
[14:43:51] [Render thread/ERROR] (pokestopmod) Failed to load rewards.json config
com.google.gson.JsonSyntaxException: com.google.gson.stream.MalformedJsonException: Unterminated object at line 31 column 10 path $..items
	at knot/com.google.gson.Gson.fromJson(Gson.java:1241) ~[gson-2.10.1.jar:?]
	at knot/com.google.gson.Gson.fromJson(Gson.java:1137) ~[gson-2.10.1.jar:?]
	at knot/com.google.gson.Gson.fromJson(Gson.java:1075) ~[gson-2.10.1.jar:?]
	at knot/com.pokestopmod.config.RewardConfig.load(RewardConfig.java:29) ~[main/:?]
	at knot/com.pokestopmod.PokestopMod.onInitialize(PokestopMod.java:20) ~[main/:?]
	at net.fabricmc.loader.impl.FabricLoaderImpl.invokeEntrypoints(FabricLoaderImpl.java:399) [fabric-loader-0.16.9.jar:?]
	at net.fabricmc.loader.impl.game.minecraft.Hooks.startClient(Hooks.java:52) [fabric-loader-0.16.9.jar:?]
	at knot/net.minecraft.client.MinecraftClient.<init>(MinecraftClient.java:477) [minecraft-merged-b4d93de455-1.21.1-net.fabricmc.yarn.1_21_1.1.21.1+build.1-v2.jar:?]
	at knot/net.minecraft.client.main.Main.main(Main.java:239) [minecraft-merged-b4d93de455-1.21.1-net.fabricmc.yarn.1_21_1.1.21.1+build.1-v2.jar:?]
	at net.fabricmc.loader.impl.game.minecraft.MinecraftGameProvider.launch(MinecraftGameProvider.java:480) [fabric-loader-0.16.9.jar:?]
	at net.fabricmc.loader.impl.launch.knot.Knot.launch(Knot.java:74) [fabric-loader-0.16.9.jar:?]
	at net.fabricmc.loader.impl.launch.knot.KnotClient.main(KnotClient.java:23) [fabric-loader-0.16.9.jar:?]
	at net.fabricmc.devlaunchinjector.Main.main(Main.java:86) [dev-launch-injector-0.2.1+build.8.jar:?]
Caused by: com.google.gson.stream.MalformedJsonException: Unterminated object at line 31 column 10 path $..items
	at knot/com.google.gson.stream.JsonReader.syntaxError(JsonReader.java:1659) ~[gson-2.10.1.jar:?]
	at knot/com.google.gson.stream.JsonReader.doPeek(JsonReader.java:500) ~[gson-2.10.1.jar:?]
	at knot/com.google.gson.stream.JsonReader.hasNext(JsonReader.java:422) ~[gson-2.10.1.jar:?]
	at knot/com.google.gson.internal.bind.ObjectTypeAdapter.read(ObjectTypeAdapter.java:122) ~[gson-2.10.1.jar:?]
	at knot/com.google.gson.internal.bind.TypeAdapterRuntimeTypeWrapper.read(TypeAdapterRuntimeTypeWrapper.java:40) ~[gson-2.10.1.jar:?]
	at knot/com.google.gson.internal.bind.MapTypeAdapterFactory$Adapter.read(MapTypeAdapterFactory.java:186) ~[gson-2.10.1.jar:?]
	at knot/com.google.gson.internal.bind.MapTypeAdapterFactory$Adapter.read(MapTypeAdapterFactory.java:144) ~[gson-2.10.1.jar:?]
	at knot/com.google.gson.Gson.fromJson(Gson.java:1227) ~[gson-2.10.1.jar:?]
	... 12 more
[14:43:52] [Render thread/INFO] (pokestopmod) Pokéstop Mod initialized!
[14:43:52] [Render thread/INFO] (Indigo) [Indigo] Registering Indigo renderer!
[14:43:53] [Render thread/INFO] (Minecraft) Backend library: LWJGL version 3.3.3-snapshot
[14:43:55] [Render thread/INFO] (Minecraft) Reloading ResourceManager: vanilla, fabric, fabric-api, fabric-api-base, fabric-api-lookup-api-v1, fabric-biome-api-v1, fabric-block-api-v1, fabric-block-view-api-v2, fabric-blockrenderlayer-v1, fabric-client-tags-api-v1, fabric-command-api-v1, fabric-command-api-v2, fabric-commands-v0, fabric-content-registries-v0, fabric-convention-tags-v1, fabric-convention-tags-v2, fabric-crash-report-info-v1, fabric-data-attachment-api-v1, fabric-data-generation-api-v1, fabric-dimensions-v1, fabric-entity-events-v1, fabric-events-interaction-v0, fabric-game-rule-api-v1, fabric-gametest-api-v1, fabric-item-api-v1, fabric-item-group-api-v1, fabric-key-binding-api-v1, fabric-keybindings-v0, fabric-lifecycle-events-v1, fabric-loot-api-v2, fabric-loot-api-v3, fabric-message-api-v1, fabric-model-loading-api-v1, fabric-networking-api-v1, fabric-object-builder-api-v1, fabric-particles-v1, fabric-recipe-api-v1, fabric-registry-sync-v0, fabric-renderer-api-v1, fabric-renderer-indigo, fabric-renderer-registries-v1, fabric-rendering-data-attachment-v1, fabric-rendering-fluids-v1, fabric-rendering-v0, fabric-rendering-v1, fabric-resource-conditions-api-v1, fabric-resource-loader-v0, fabric-screen-api-v1, fabric-screen-handler-api-v1, fabric-sound-api-v1, fabric-transfer-api-v1, fabric-transitive-access-wideners-v1, fabricloader
[14:43:56] [Worker-Main-3/INFO] (Minecraft) Found unifont_all_no_pua-15.1.05.hex, loading
[14:43:56] [Worker-Main-10/INFO] (Minecraft) Found unifont_jp_patch-15.1.05.hex, loading
[14:43:58] [Render thread/WARN] (Minecraft) Missing sound for event: minecraft:item.goat_horn.play
[14:43:58] [Render thread/WARN] (Minecraft) Missing sound for event: minecraft:entity.goat.screaming.horn_break
[14:43:59] [Render thread/INFO] (Minecraft) OpenAL initialized on device OpenAL Soft on Speakers (Realtek(R) Audio)
[14:43:59] [Render thread/INFO] (Minecraft) Sound engine started
[14:43:59] [Render thread/INFO] (Minecraft) Created: 1024x512x4 minecraft:textures/atlas/blocks.png-atlas
[14:44:01] [Render thread/INFO] (Minecraft) Created: 256x256x4 minecraft:textures/atlas/signs.png-atlas
[14:44:02] [Render thread/INFO] (Minecraft) Created: 512x512x4 minecraft:textures/atlas/shield_patterns.png-atlas
[14:44:02] [Render thread/INFO] (Minecraft) Created: 512x512x4 minecraft:textures/atlas/banner_patterns.png-atlas
[14:44:02] [Render thread/INFO] (Minecraft) Created: 1024x1024x4 minecraft:textures/atlas/armor_trims.png-atlas
[14:44:04] [Render thread/INFO] (Minecraft) Created: 128x64x4 minecraft:textures/atlas/decorated_pot.png-atlas
[14:44:04] [Render thread/INFO] (Minecraft) Created: 256x256x4 minecraft:textures/atlas/chest.png-atlas
[14:44:04] [Render thread/INFO] (Minecraft) Created: 512x256x4 minecraft:textures/atlas/shulker_boxes.png-atlas
[14:44:04] [Render thread/INFO] (Minecraft) Created: 512x256x4 minecraft:textures/atlas/beds.png-atlas
[14:44:04] [Render thread/INFO] (Minecraft) Created: 512x256x0 minecraft:textures/atlas/particles.png-atlas
[14:44:05] [Render thread/INFO] (Minecraft) Created: 512x256x0 minecraft:textures/atlas/paintings.png-atlas
[14:44:05] [Render thread/INFO] (Minecraft) Created: 256x128x0 minecraft:textures/atlas/mob_effects.png-atlas
[14:44:05] [Render thread/INFO] (Minecraft) Created: 64x64x0 minecraft:textures/atlas/map_decorations.png-atlas
[14:44:05] [Render thread/INFO] (Minecraft) Created: 1024x512x0 minecraft:textures/atlas/gui.png-atlas
[14:44:05] [Render thread/WARN] (Minecraft) Shader rendertype_entity_translucent_emissive could not find sampler named Sampler2 in the specified shader program.
[14:44:36] [Render thread/INFO] (Minecraft) Loaded 1290 recipes
[14:44:36] [Render thread/INFO] (Minecraft) Loaded 1399 advancements
[14:44:37] [Render thread/INFO] (BiomeModificationImpl) Applied 0 biome modifications to 0 of 64 new biomes in 1.791 ms
[14:44:37] [Server thread/INFO] (Minecraft) Starting integrated minecraft server version 1.21.1
[14:44:37] [Server thread/INFO] (Minecraft) Generating keypair
[14:44:39] [Server thread/INFO] (Minecraft) Preparing start region for dimension minecraft:overworld
[14:44:39] [Render thread/INFO] (Minecraft) Preparing spawn area: 0%
[14:44:39] [Render thread/INFO] (Minecraft) Preparing spawn area: 0%
[14:44:40] [Render thread/INFO] (Minecraft) Time elapsed: 1011 ms
[14:44:40] [Server thread/INFO] (Minecraft) Changing view distance to 12, from 10
[14:44:40] [Server thread/INFO] (Minecraft) Changing simulation distance to 12, from 0
[14:44:41] [Server thread/INFO] (Minecraft) Player243[local:E:42671046] logged in with entity id 60 at (28.11506578743611, 70.13858951023083, -43.81975137307469)
[14:44:41] [Server thread/INFO] (Minecraft) Player243 joined the game
[14:44:42] [Render thread/INFO] (Minecraft) Loaded 2 advancements
[14:44:50] [Render thread/WARN] (Minecraft) Unable to play empty soundEvent: minecraft:entity.salmon.ambient
[14:44:52] [Render thread/INFO] (Minecraft) [System] [CHAT] You claimed Test!
[14:45:00] [Render thread/INFO] (Minecraft) Stopping!
[14:45:00] [Server thread/INFO] (Minecraft) Player243 lost connection: Disconnected
[14:45:00] [Server thread/INFO] (Minecraft) Player243 left the game
[14:45:00] [Server thread/INFO] (Minecraft) Stopping singleplayer server as player logged out
[14:45:00] [Server thread/INFO] (Minecraft) Stopping server
[14:45:00] [Server thread/INFO] (Minecraft) Saving players
[14:45:00] [Server thread/INFO] (Minecraft) Saving worlds
[14:45:00] [Server thread/INFO] (Minecraft) Saving chunks for level 'ServerLevel[New World]'/minecraft:overworld
[14:45:00] [Server thread/INFO] (Minecraft) Saving chunks for level 'ServerLevel[New World]'/minecraft:the_nether
[14:45:00] [Server thread/INFO] (Minecraft) Saving chunks for level 'ServerLevel[New World]'/minecraft:the_end
[14:45:00] [Server thread/INFO] (Minecraft) ThreadedAnvilChunkStorage (New World): All chunks are saved
[14:45:00] [Server thread/INFO] (Minecraft) ThreadedAnvilChunkStorage (DIM-1): All chunks are saved
[14:45:00] [Server thread/INFO] (Minecraft) ThreadedAnvilChunkStorage (DIM1): All chunks are saved
[14:45:00] [Server thread/INFO] (Minecraft) ThreadedAnvilChunkStorage: All dimensions are saved
